16.180.70.237 - - [01/Jan/2015:04:01:36 ] "GET /wheelsets1476 HTTP/1.0" 200 4922 "-" "Mozilla/4.0 (compatible; MSIE 7.0; Windows NT 6.0)"
244.157.45.12 - - [01/Jan/2015:04:02:45 ] "GET /seatposts1149 HTTP/1.0" 403 4876 "http://www.casualcyclist.com" "Mozilla/5.0 (Linux; U; Android 2.3.5; en-us; HTC Vision Build/GRI40) AppleWebKit/533.1 (KHTML, like Gecko) Version/4.0 Mobile Safari/533.1"
123.221.14.56 - - [01/Jan/2015:04:04:10 ] "GET /saddles1489 HTTP/1.0" 500 3982 "http://bestcyclingreviews.com/top_online_shops" "Mozilla/5.0 (Windows; U; Windows NT 6.1; rv:2.2) Gecko/20110201"
198.122.118.164 - - [01/Jan/2015:04:04:59 ] "GET /wheelsets1363 HTTP/1.0" 500 4126 "http://searchengine.com" "Mozilla/5.0 (Windows; U; MSIE 9.0; WIndows NT 9.0; en-US))"
10.182.189.79 - - [01/Jan/2015:04:05:54 ] "GET /stems1460 HTTP/1.0" 403 3485 "http://bleater.com" "Mozilla/5.0 (Windows; U; Windows NT 6.1; rv:2.2) Gecko/20110201"
16.180.70.237 - - [01/Jan/2015:04:07:20 ] "GET /stems1196 HTTP/1.0" 200 4185 "http://bestcyclingreviews.com/top_online_shops" "Mozilla/4.0 (compatible; MSIE 7.0; Windows NT 6.0)"
237.43.24.118 - - [01/Jan/2015:04:08:01 ] "GET /forks1153 HTTP/1.0" 200 4101 "http://searchengine.com" "Mozilla/5.0 (Linux; U; Android 2.3.5; en-us; HTC Vision Build/GRI40) AppleWebKit/533.1 (KHTML, like Gecko) Version/4.0 Mobile Safari/533.1"
233.192.62.103 - - [01/Jan/2015:04:09:17 ] "GET /shifters1301 HTTP/1.0" 500 3047 "-" "Mozilla/5.0 (Windows; U; MSIE 9.0; WIndows NT 9.0; en-US))"
10.182.189.79 - - [01/Jan/2015:04:10:16 ] "GET /saddles1381 HTTP/1.0" 300 4588 "http://bleater.com" "Mozilla/5.0 (Linux; U; Android 2.3.5; en-us; HTC Vision Build/GRI40) AppleWebKit/533.1 (KHTML, like Gecko) Version/4.0 Mobile Safari/533.1"
114.214.178.92 - - [01/Jan/2015:04:11:24 ] "GET /wheelsets1370 HTTP/1.0" 403 3039 "http://www.casualcyclist.com" "Mozilla/5.0 (Windows; U; MSIE 9.0; WIndows NT 9.0; en-US))"
198.122.118.164 - - [01/Jan/2015:04:12:04 ] "GET /forks1368 HTTP/1.0" 403 3983 "http://bestcyclingreviews.com/top_online_shops" "Mozilla/5.0 (Macintosh; Intel Mac OS X 10_9_2) AppleWebKit/537.36 (KHTML, like Gecko) Chrome/36.0.1944.0 Safari/537.36"
10.182.189.79 - - [01/Jan/2015:04:13:15 ] "GET /saddles1209 HTTP/1.0" 200 3656 "-" "Mozilla/5.0 (iPad; CPU OS 6_0 like Mac OS X) AppleWebKit/536.26 (KHTML, like Gecko) Version/6.0 Mobile/10A5355d Safari/8536.25"
16.180.70.237 - - [01/Jan/2015:04:13:46 ] "GET /shifters1194 HTTP/1.0" 403 2513 "http://searchengine.com" "Mozilla/4.0 (compatible; MSIE 7.0; Windows NT 6.0)"
233.192.62.103 - - [01/Jan/2015:04:14:23 ] "GET /Store/cart.jsp?productID=1343 HTTP/1.0" 403 3974 "http://bestcyclingreviews.com/top_online_shops" "Mozilla/5.0 (Linux; U; Android 2.3.5; en-us; HTC Vision Build/GRI40) AppleWebKit/533.1 (KHTML, like Gecko) Version/4.0 Mobile Safari/533.1"
244.157.45.12 - - [01/Jan/2015:04:15:24 ] "GET /Store/cart.jsp?productID=1257 HTTP/1.0" 200 4343 "-" "Mozilla/5.0 (Windows NT 5.1; rv:31.0) Gecko/20100101 Firefox/31.0"
81.73.150.239 - - [01/Jan/2015:04:16:29 ] "GET /forks1390 HTTP/1.0" 403 4956 "http://searchengine.com" "Mozilla/5.0 (Linux; U; Android 2.3.5; en-us; HTC Vision Build/GRI40) AppleWebKit/533.1 (KHTML, like Gecko) Version/4.0 Mobile Safari/533.1"
16.180.70.237 - - [01/Jan/2015:04:17:25 ] "GET /shifters1224 HTTP/1.0" 500 4468 "http://bleater.com" "Mozilla/5.0 (Windows NT 5.1; rv:31.0) Gecko/20100101 Firefox/31.0"
218.193.16.244 - - [01/Jan/2015:04:17:59 ] "GET /wheelsets1090 HTTP/1.0" 403 4257 "-" "Mozilla/5.0 (iPad; CPU OS 6_0 like Mac OS X) AppleWebKit/536.26 (KHTML, like Gecko) Version/6.0 Mobile/10A5355d Safari/8536.25"
114.214.178.92 - - [01/Jan/2015:04:19:10 ] "GET /seatposts1188 HTTP/1.0" 300 4699 "http://searchengine.com" "Mozilla/5.0 (Linux; U; Android 2.3.5; en-us; HTC Vision Build/GRI40) AppleWebKit/533.1 (KHTML, like Gecko) Version/4.0 Mobile Safari/533.1"
244.157.45.12 - - [01/Jan/2015:04:20:33 ] "GET /handle-bars1175 HTTP/1.0" 200 3838 "http://bestcyclingreviews.com/top_online_shops" "Mozilla/5.0 (Windows NT 5.1; rv:31.0) Gecko/20100101 Firefox/31.0"
198.122.118.164 - - [01/Jan/2015:04:22:12 ] "GET /seatposts1042 HTTP/1.0" 200 4607 "http://bestcyclingreviews.com/top_online_shops" "Mozilla/5.0 (Linux; U; Android 2.3.5; en-us; HTC Vision Build/GRI40) AppleWebKit/533.1 (KHTML, like Gecko) Version/4.0 Mobile Safari/533.1"
198.122.118.164 - - [01/Jan/2015:04:23:15 ] "GET /forks1320 HTTP/1.0" 500 4289 "http://searchengine.com" "Mozilla/5.0 (Linux; U; Android 2.3.5; en-us; HTC Vision Build/GRI40) AppleWebKit/533.1 (KHTML, like Gecko) Version/4.0 Mobile Safari/533.1"
198.122.118.164 - - [01/Jan/2015:04:24:15 ] "GET /Store/cart.jsp?productID=1282 HTTP/1.0" 500 4622 "http://bleater.com" "Mozilla/5.0 (Macintosh; Intel Mac OS X 10_9_2) AppleWebKit/537.36 (KHTML, like Gecko) Chrome/36.0.1944.0 Safari/537.36"
218.193.16.244 - - [01/Jan/2015:04:25:04 ] "GET /stems1034 HTTP/1.0" 300 4408 "http://www.casualcyclist.com" "Mozilla/5.0 (iPad; CPU OS 6_0 like Mac OS X) AppleWebKit/536.26 (KHTML, like Gecko) Version/6.0 Mobile/10A5355d Safari/8536.25"
237.43.24.118 - - [01/Jan/2015:04:26:33 ] "GET /handle-bars1500 HTTP/1.0" 500 3969 "http://bleater.com" "Mozilla/5.0 (Windows NT 5.1; rv:31.0) Gecko/20100101 Firefox/31.0"
244.157.45.12 - - [01/Jan/2015:04:27:44 ] "GET /saddles1202 HTTP/1.0" 200 4909 "http://www.casualcyclist.com" "Mozilla/5.0 (Windows; U; Windows NT 6.1; rv:2.2) Gecko/20110201"
218.193.16.244 - - [01/Jan/2015:04:29:13 ] "GET /wheelsets1185 HTTP/1.0" 403 2806 "-" "Mozilla/5.0 (Linux; U; Android 2.3.5; en-us; HTC Vision Build/GRI40) AppleWebKit/533.1 (KHTML, like Gecko) Version/4.0 Mobile Safari/533.1"
16.180.70.237 - - [01/Jan/2015:04:30:28 ] "GET /stems1435 HTTP/1.0" 500 3376 "http://bleater.com" "Mozilla/5.0 (Macintosh; Intel Mac OS X 10_9_2) AppleWebKit/537.36 (KHTML, like Gecko) Chrome/36.0.1944.0 Safari/537.36"
198.122.118.164 - - [01/Jan/2015:04:31:02 ] "GET /handle-bars1011 HTTP/1.0" 200 4815 "http://www.casualcyclist.com" "Mozilla/5.0 (Windows NT 5.1; rv:31.0) Gecko/20100101 Firefox/31.0"
237.43.24.118 - - [01/Jan/2015:04:32:27 ] "GET /Store/cart.jsp?productID=1409 HTTP/1.0" 403 2656 "-" "Mozilla/5.0 (Linux; U; Android 2.3.5; en-us; HTC Vision Build/GRI40) AppleWebKit/533.1 (KHTML, like Gecko) Version/4.0 Mobile Safari/533.1"
114.214.178.92 - - [01/Jan/2015:04:33:27 ] "GET /forks1456 HTTP/1.0" 200 4132 "-" "Mozilla/4.0 (compatible; MSIE 7.0; Windows NT 6.0)"
198.122.118.164 - - [01/Jan/2015:04:34:26 ] "GET /wheelsets1196 HTTP/1.0" 500 2687 "http://bleater.com" "Mozilla/5.0 (Macintosh; Intel Mac OS X 10_9_2) AppleWebKit/537.36 (KHTML, like Gecko) Chrome/36.0.1944.0 Safari/537.36"
244.157.45.12 - - [01/Jan/2015:04:35:58 ] "GET /seatposts1320 HTTP/1.0" 200 4031 "http://bleater.com" "Mozilla/5.0 (Windows NT 5.1; rv:31.0) Gecko/20100101 Firefox/31.0"
16.180.70.237 - - [01/Jan/2015:04:37:27 ] "GET /Store/cart.jsp?productID=1050 HTTP/1.0" 300 4811 "http://www.casualcyclist.com" "Mozilla/5.0 (Windows NT 5.1; rv:31.0) Gecko/20100101 Firefox/31.0"
218.193.16.244 - - [01/Jan/2015:04:38:09 ] "GET /shifters1413 HTTP/1.0" 200 2525 "http://www.casualcyclist.com" "Mozilla/4.0 (compatible; MSIE 7.0; Windows NT 6.0)"
16.180.70.237 - - [01/Jan/2015:04:39:29 ] "GET /seatposts1092 HTTP/1.0" 200 3480 "http://www.casualcyclist.com" "Mozilla/5.0 (Linux; U; Android 2.3.5; en-us; HTC Vision Build/GRI40) AppleWebKit/533.1 (KHTML, like Gecko) Version/4.0 Mobile Safari/533.1"
114.214.178.92 - - [01/Jan/2015:04:40:22 ] "GET /seatposts1053 HTTP/1.0" 403 2985 "http://searchengine.com" "Mozilla/5.0 (Linux; U; Android 2.3.5; en-us; HTC Vision Build/GRI40) AppleWebKit/533.1 (KHTML, like Gecko) Version/4.0 Mobile Safari/533.1"
81.73.150.239 - - [01/Jan/2015:04:41:13 ] "GET /forks1008 HTTP/1.0" 500 3637 "http://bestcyclingreviews.com/top_online_shops" "Mozilla/5.0 (Windows; U; MSIE 9.0; WIndows NT 9.0; en-US))"
233.192.62.103 - - [01/Jan/2015:04:42:09 ] "GET /shifters1417 HTTP/1.0" 403 3140 "http://bestcyclingreviews.com/top_online_shops" "Mozilla/5.0 (iPad; CPU OS 6_0 like Mac OS X) AppleWebKit/536.26 (KHTML, like Gecko) Version/6.0 Mobile/10A5355d Safari/8536.25"
237.43.24.118 - - [01/Jan/2015:04:42:56 ] "GET /Store/cart.jsp?productID=1186 HTTP/1.0" 403 3849 "http://bestcyclingreviews.com/top_online_shops" "Mozilla/4.0 (compatible; MSIE 7.0; Windows NT 6.0)"
10.182.189.79 - - [01/Jan/2015:04:44:05 ] "GET /saddles1421 HTTP/1.0" 300 2325 "http://www.casualcyclist.com" "Mozilla/5.0 (Linux; U; Android 2.3.5; en-us; HTC Vision Build/GRI40) AppleWebKit/533.1 (KHTML, like Gecko) Version/4.0 Mobile Safari/533.1"
10.182.189.79 - - [01/Jan/2015:04:45:36 ] "GET /Store/cart.jsp?productID=1482 HTTP/1.0" 500 4627 "http://bestcyclingreviews.com/top_online_shops" "Mozilla/5.0 (Windows NT 5.1; rv:31.0) Gecko/20100101 Firefox/31.0"
10.182.189.79 - - [01/Jan/2015:04:46:16 ] "GET /shifters1058 HTTP/1.0" 200 3421 "http://bestcyclingreviews.com/top_online_shops" "Mozilla/5.0 (Macintosh; Intel Mac OS X 10_9_2) AppleWebKit/537.36 (KHTML, like Gecko) Chrome/36.0.1944.0 Safari/537.36"
123.221.14.56 - - [01/Jan/2015:04:47:04 ] "GET /wheelsets1326 HTTP/1.0" 403 4907 "http://bleater.com" "Mozilla/5.0 (Linux; U; Android 2.3.5; en-us; HTC Vision Build/GRI40) AppleWebKit/533.1 (KHTML, like Gecko) Version/4.0 Mobile Safari/533.1"
244.157.45.12 - - [01/Jan/2015:04:47:59 ] "GET /seatposts1289 HTTP/1.0" 403 3237 "-" "Mozilla/5.0 (Windows NT 5.1; rv:31.0) Gecko/20100101 Firefox/31.0"
81.73.150.239 - - [01/Jan/2015:04:49:06 ] "GET /handle-bars1094 HTTP/1.0" 300 3004 "http://searchengine.com" "Mozilla/5.0 (iPad; CPU OS 6_0 like Mac OS X) AppleWebKit/536.26 (KHTML, like Gecko) Version/6.0 Mobile/10A5355d Safari/8536.25"
233.192.62.103 - - [01/Jan/2015:04:50:20 ] "GET /forks1218 HTTP/1.0" 300 2138 "http://searchengine.com" "Mozilla/5.0 (Windows; U; Windows NT 6.1; rv:2.2) Gecko/20110201"
16.180.70.237 - - [01/Jan/2015:04:51:03 ] "GET /handle-bars1002 HTTP/1.0" 403 4674 "-" "Mozilla/5.0 (Windows NT 5.1; rv:31.0) Gecko/20100101 Firefox/31.0"
16.180.70.237 - - [01/Jan/2015:04:52:43 ] "GET /shifters1168 HTTP/1.0" 500 4221 "http://searchengine.com" "Mozilla/5.0 (Linux; U; Android 2.3.5; en-us; HTC Vision Build/GRI40) AppleWebKit/533.1 (KHTML, like Gecko) Version/4.0 Mobile Safari/533.1"
114.214.178.92 - - [01/Jan/2015:04:53:35 ] "GET /Store/cart.jsp?productID=1076 HTTP/1.0" 500 4689 "http://searchengine.com" "Mozilla/5.0 (Linux; U; Android 2.3.5; en-us; HTC Vision Build/GRI40) AppleWebKit/533.1 (KHTML, like Gecko) Version/4.0 Mobile Safari/533.1"
10.182.189.79 - - [01/Jan/2015:04:54:15 ] "GET /wheelsets1165 HTTP/1.0" 403 3312 "http://www.casualcyclist.com" "Mozilla/5.0 (Windows NT 5.1; rv:31.0) Gecko/20100101 Firefox/31.0"
218.193.16.244 - - [01/Jan/2015:04:55:40 ] "GET /shifters1446 HTTP/1.0" 403 3166 "http://searchengine.com" "Mozilla/5.0 (Windows; U; Windows NT 6.1; rv:2.2) Gecko/20110201"
233.192.62.103 - - [01/Jan/2015:04:57:12 ] "GET /forks1068 HTTP/1.0" 403 4867 "http://www.casualcyclist.com" "Mozilla/5.0 (Windows; U; Windows NT 6.1; rv:2.2) Gecko/20110201"
237.43.24.118 - - [01/Jan/2015:04:57:44 ] "GET /wheelsets1369 HTTP/1.0" 300 4349 "http://www.casualcyclist.com" "Mozilla/5.0 (Macintosh; Intel Mac OS X 10_9_2) AppleWebKit/537.36 (KHTML, like Gecko) Chrome/36.0.1944.0 Safari/537.36"
10.182.189.79 - - [01/Jan/2015:04:58:50 ] "GET /saddles1361 HTTP/1.0" 500 4537 "http://bestcyclingreviews.com/top_online_shops" "Mozilla/5.0 (Windows; U; MSIE 9.0; WIndows NT 9.0; en-US))"
244.157.45.12 - - [01/Jan/2015:04:59:23 ] "GET /shifters1249 HTTP/1.0" 300 2918 "http://searchengine.com" "Mozilla/5.0 (Linux; U; Android 2.3.5; en-us; HTC Vision Build/GRI40) AppleWebKit/533.1 (KHTML, like Gecko) Version/4.0 Mobile Safari/533.1"
