10.182.189.79 - - [01/Jan/2015:20:00:38 ] "GET /Store/cart.jsp?productID=1263 HTTP/1.0" 500 3269 "http://www.casualcyclist.com" "Mozilla/5.0 (Windows; U; MSIE 9.0; WIndows NT 9.0; en-US))"
198.122.118.164 - - [01/Jan/2015:20:02:06 ] "GET /handle-bars1347 HTTP/1.0" 403 3411 "http://searchengine.com" "Mozilla/5.0 (Windows; U; MSIE 9.0; WIndows NT 9.0; en-US))"
233.192.62.103 - - [01/Jan/2015:20:02:42 ] "GET /seatposts1269 HTTP/1.0" 500 4998 "-" "Mozilla/5.0 (Windows; U; Windows NT 6.1; rv:2.2) Gecko/20110201"
10.182.189.79 - - [01/Jan/2015:20:03:13 ] "GET /shifters1494 HTTP/1.0" 500 2734 "http://bestcyclingreviews.com/top_online_shops" "Mozilla/5.0 (iPad; CPU OS 6_0 like Mac OS X) AppleWebKit/536.26 (KHTML, like Gecko) Version/6.0 Mobile/10A5355d Safari/8536.25"
16.180.70.237 - - [01/Jan/2015:20:04:20 ] "GET /handle-bars1143 HTTP/1.0" 403 4750 "-" "Mozilla/5.0 (Windows; U; Windows NT 6.1; rv:2.2) Gecko/20110201"
218.193.16.244 - - [01/Jan/2015:20:05:59 ] "GET /saddles1065 HTTP/1.0" 200 4072 "http://bestcyclingreviews.com/top_online_shops" "Mozilla/5.0 (Linux; U; Android 2.3.5; en-us; HTC Vision Build/GRI40) AppleWebKit/533.1 (KHTML, like Gecko) Version/4.0 Mobile Safari/533.1"
114.214.178.92 - - [01/Jan/2015:20:07:35 ] "GET /stems1130 HTTP/1.0" 300 3523 "http://bleater.com" "Mozilla/5.0 (Windows; U; Windows NT 6.1; rv:2.2) Gecko/20110201"
10.182.189.79 - - [01/Jan/2015:20:08:24 ] "GET /saddles1414 HTTP/1.0" 200 2580 "http://bestcyclingreviews.com/top_online_shops" "Mozilla/5.0 (Macintosh; Intel Mac OS X 10_9_2) AppleWebKit/537.36 (KHTML, like Gecko) Chrome/36.0.1944.0 Safari/537.36"
198.122.118.164 - - [01/Jan/2015:20:09:27 ] "GET /stems1202 HTTP/1.0" 300 3394 "http://searchengine.com" "Mozilla/5.0 (Windows NT 5.1; rv:31.0) Gecko/20100101 Firefox/31.0"
233.192.62.103 - - [01/Jan/2015:20:10:54 ] "GET /saddles1162 HTTP/1.0" 500 3624 "-" "Mozilla/5.0 (Windows; U; Windows NT 6.1; rv:2.2) Gecko/20110201"
10.182.189.79 - - [01/Jan/2015:20:12:04 ] "GET /shifters1338 HTTP/1.0" 500 2281 "http://bestcyclingreviews.com/top_online_shops" "Mozilla/5.0 (Windows NT 5.1; rv:31.0) Gecko/20100101 Firefox/31.0"
81.73.150.239 - - [01/Jan/2015:20:12:34 ] "GET /stems1014 HTTP/1.0" 300 2778 "http://searchengine.com" "Mozilla/5.0 (Macintosh; Intel Mac OS X 10_9_2) AppleWebKit/537.36 (KHTML, like Gecko) Chrome/36.0.1944.0 Safari/537.36"
123.221.14.56 - - [01/Jan/2015:20:14:14 ] "GET /shifters1339 HTTP/1.0" 300 4505 "http://bleater.com" "Mozilla/5.0 (Macintosh; Intel Mac OS X 10_9_2) AppleWebKit/537.36 (KHTML, like Gecko) Chrome/36.0.1944.0 Safari/537.36"
237.43.24.118 - - [01/Jan/2015:20:15:10 ] "GET /wheelsets1015 HTTP/1.0" 403 3506 "http://bleater.com" "Mozilla/4.0 (compatible; MSIE 7.0; Windows NT 6.0)"
123.221.14.56 - - [01/Jan/2015:20:16:04 ] "GET /stems1229 HTTP/1.0" 403 4393 "-" "Mozilla/5.0 (Windows NT 5.1; rv:31.0) Gecko/20100101 Firefox/31.0"
233.192.62.103 - - [01/Jan/2015:20:17:19 ] "GET /forks1059 HTTP/1.0" 200 4933 "http://searchengine.com" "Mozilla/5.0 (Macintosh; Intel Mac OS X 10_9_2) AppleWebKit/537.36 (KHTML, like Gecko) Chrome/36.0.1944.0 Safari/537.36"
233.192.62.103 - - [01/Jan/2015:20:18:31 ] "GET /saddles1241 HTTP/1.0" 403 4074 "http://bleater.com" "Mozilla/5.0 (Linux; U; Android 2.3.5; en-us; HTC Vision Build/GRI40) AppleWebKit/533.1 (KHTML, like Gecko) Version/4.0 Mobile Safari/533.1"
233.192.62.103 - - [01/Jan/2015:20:19:03 ] "GET /saddles1149 HTTP/1.0" 200 4747 "-" "Mozilla/5.0 (iPad; CPU OS 6_0 like Mac OS X) AppleWebKit/536.26 (KHTML, like Gecko) Version/6.0 Mobile/10A5355d Safari/8536.25"
218.193.16.244 - - [01/Jan/2015:20:19:56 ] "GET /saddles1045 HTTP/1.0" 500 3728 "http://bleater.com" "Mozilla/5.0 (Windows; U; MSIE 9.0; WIndows NT 9.0; en-US))"
198.122.118.164 - - [01/Jan/2015:20:21:32 ] "GET /shifters1172 HTTP/1.0" 500 4751 "http://www.casualcyclist.com" "Mozilla/5.0 (iPad; CPU OS 6_0 like Mac OS X) AppleWebKit/536.26 (KHTML, like Gecko) Version/6.0 Mobile/10A5355d Safari/8536.25"
237.43.24.118 - - [01/Jan/2015:20:22:35 ] "GET /handle-bars1168 HTTP/1.0" 403 4114 "http://www.casualcyclist.com" "Mozilla/5.0 (Windows NT 5.1; rv:31.0) Gecko/20100101 Firefox/31.0"
10.182.189.79 - - [01/Jan/2015:20:23:33 ] "GET /handle-bars1401 HTTP/1.0" 300 4358 "-" "Mozilla/5.0 (Linux; U; Android 2.3.5; en-us; HTC Vision Build/GRI40) AppleWebKit/533.1 (KHTML, like Gecko) Version/4.0 Mobile Safari/533.1"
81.73.150.239 - - [01/Jan/2015:20:24:20 ] "GET /wheelsets1027 HTTP/1.0" 403 4827 "http://searchengine.com" "Mozilla/5.0 (Windows; U; MSIE 9.0; WIndows NT 9.0; en-US))"
198.122.118.164 - - [01/Jan/2015:20:25:06 ] "GET /wheelsets1129 HTTP/1.0" 200 4144 "http://bleater.com" "Mozilla/5.0 (Linux; U; Android 2.3.5; en-us; HTC Vision Build/GRI40) AppleWebKit/533.1 (KHTML, like Gecko) Version/4.0 Mobile Safari/533.1"
16.180.70.237 - - [01/Jan/2015:20:26:00 ] "GET /seatposts1387 HTTP/1.0" 403 3574 "http://bleater.com" "Mozilla/5.0 (Windows NT 5.1; rv:31.0) Gecko/20100101 Firefox/31.0"
114.214.178.92 - - [01/Jan/2015:20:27:04 ] "GET /stems1330 HTTP/1.0" 300 4486 "http://searchengine.com" "Mozilla/5.0 (Linux; U; Android 2.3.5; en-us; HTC Vision Build/GRI40) AppleWebKit/533.1 (KHTML, like Gecko) Version/4.0 Mobile Safari/533.1"
123.221.14.56 - - [01/Jan/2015:20:28:43 ] "GET /forks1436 HTTP/1.0" 200 4928 "-" "Mozilla/5.0 (Windows; U; Windows NT 6.1; rv:2.2) Gecko/20110201"
114.214.178.92 - - [01/Jan/2015:20:29:35 ] "GET /Store/cart.jsp?productID=1448 HTTP/1.0" 300 4740 "http://www.casualcyclist.com" "Mozilla/5.0 (iPad; CPU OS 6_0 like Mac OS X) AppleWebKit/536.26 (KHTML, like Gecko) Version/6.0 Mobile/10A5355d Safari/8536.25"
237.43.24.118 - - [01/Jan/2015:20:30:36 ] "GET /forks1197 HTTP/1.0" 200 3437 "http://bleater.com" "Mozilla/5.0 (Macintosh; Intel Mac OS X 10_9_2) AppleWebKit/537.36 (KHTML, like Gecko) Chrome/36.0.1944.0 Safari/537.36"
233.192.62.103 - - [01/Jan/2015:20:32:00 ] "GET /Store/cart.jsp?productID=1310 HTTP/1.0" 300 4962 "http://www.casualcyclist.com" "Mozilla/5.0 (Windows; U; Windows NT 6.1; rv:2.2) Gecko/20110201"
81.73.150.239 - - [01/Jan/2015:20:33:02 ] "GET /wheelsets1194 HTTP/1.0" 403 4051 "http://searchengine.com" "Mozilla/5.0 (Linux; U; Android 2.3.5; en-us; HTC Vision Build/GRI40) AppleWebKit/533.1 (KHTML, like Gecko) Version/4.0 Mobile Safari/533.1"
114.214.178.92 - - [01/Jan/2015:20:33:33 ] "GET /handle-bars1275 HTTP/1.0" 300 3833 "http://bestcyclingreviews.com/top_online_shops" "Mozilla/5.0 (Windows NT 5.1; rv:31.0) Gecko/20100101 Firefox/31.0"
233.192.62.103 - - [01/Jan/2015:20:34:32 ] "GET /saddles1280 HTTP/1.0" 300 2496 "http://searchengine.com" "Mozilla/5.0 (Windows; U; Windows NT 6.1; rv:2.2) Gecko/20110201"
233.192.62.103 - - [01/Jan/2015:20:35:47 ] "GET /handle-bars1476 HTTP/1.0" 403 4639 "http://www.casualcyclist.com" "Mozilla/5.0 (Windows; U; Windows NT 6.1; rv:2.2) Gecko/20110201"
16.180.70.237 - - [01/Jan/2015:20:36:33 ] "GET /wheelsets1319 HTTP/1.0" 300 3873 "-" "Mozilla/5.0 (iPad; CPU OS 6_0 like Mac OS X) AppleWebKit/536.26 (KHTML, like Gecko) Version/6.0 Mobile/10A5355d Safari/8536.25"
81.73.150.239 - - [01/Jan/2015:20:38:10 ] "GET /seatposts1351 HTTP/1.0" 403 2570 "http://bestcyclingreviews.com/top_online_shops" "Mozilla/5.0 (Macintosh; Intel Mac OS X 10_9_2) AppleWebKit/537.36 (KHTML, like Gecko) Chrome/36.0.1944.0 Safari/537.36"
123.221.14.56 - - [01/Jan/2015:20:39:46 ] "GET /wheelsets1019 HTTP/1.0" 300 2176 "http://searchengine.com" "Mozilla/5.0 (iPad; CPU OS 6_0 like Mac OS X) AppleWebKit/536.26 (KHTML, like Gecko) Version/6.0 Mobile/10A5355d Safari/8536.25"
244.157.45.12 - - [01/Jan/2015:20:40:18 ] "GET /Store/cart.jsp?productID=1167 HTTP/1.0" 300 3305 "http://bleater.com" "Mozilla/5.0 (Macintosh; Intel Mac OS X 10_9_2) AppleWebKit/537.36 (KHTML, like Gecko) Chrome/36.0.1944.0 Safari/537.36"
218.193.16.244 - - [01/Jan/2015:20:41:54 ] "GET /handle-bars1455 HTTP/1.0" 403 4462 "http://bleater.com" "Mozilla/5.0 (iPad; CPU OS 6_0 like Mac OS X) AppleWebKit/536.26 (KHTML, like Gecko) Version/6.0 Mobile/10A5355d Safari/8536.25"
244.157.45.12 - - [01/Jan/2015:20:42:52 ] "GET /handle-bars1322 HTTP/1.0" 300 2635 "-" "Mozilla/5.0 (Linux; U; Android 2.3.5; en-us; HTC Vision Build/GRI40) AppleWebKit/533.1 (KHTML, like Gecko) Version/4.0 Mobile Safari/533.1"
233.192.62.103 - - [01/Jan/2015:20:43:34 ] "GET /wheelsets1125 HTTP/1.0" 300 4940 "-" "Mozilla/5.0 (Linux; U; Android 2.3.5; en-us; HTC Vision Build/GRI40) AppleWebKit/533.1 (KHTML, like Gecko) Version/4.0 Mobile Safari/533.1"
218.193.16.244 - - [01/Jan/2015:20:45:07 ] "GET /shifters1031 HTTP/1.0" 200 3381 "http://www.casualcyclist.com" "Mozilla/4.0 (compatible; MSIE 7.0; Windows NT 6.0)"
233.192.62.103 - - [01/Jan/2015:20:45:58 ] "GET /forks1232 HTTP/1.0" 300 3446 "http://searchengine.com" "Mozilla/5.0 (Macintosh; Intel Mac OS X 10_9_2) AppleWebKit/537.36 (KHTML, like Gecko) Chrome/36.0.1944.0 Safari/537.36"
244.157.45.12 - - [01/Jan/2015:20:47:08 ] "GET /shifters1139 HTTP/1.0" 403 3538 "http://www.casualcyclist.com" "Mozilla/5.0 (Windows NT 5.1; rv:31.0) Gecko/20100101 Firefox/31.0"
237.43.24.118 - - [01/Jan/2015:20:48:18 ] "GET /seatposts1119 HTTP/1.0" 300 4015 "-" "Mozilla/4.0 (compatible; MSIE 7.0; Windows NT 6.0)"
123.221.14.56 - - [01/Jan/2015:20:49:10 ] "GET /shifters1327 HTTP/1.0" 500 4176 "-" "Mozilla/5.0 (Windows NT 5.1; rv:31.0) Gecko/20100101 Firefox/31.0"
123.221.14.56 - - [01/Jan/2015:20:50:09 ] "GET /stems1159 HTTP/1.0" 403 2988 "http://bleater.com" "Mozilla/5.0 (iPad; CPU OS 6_0 like Mac OS X) AppleWebKit/536.26 (KHTML, like Gecko) Version/6.0 Mobile/10A5355d Safari/8536.25"
123.221.14.56 - - [01/Jan/2015:20:51:16 ] "GET /wheelsets1322 HTTP/1.0" 200 2426 "http://searchengine.com" "Mozilla/5.0 (Windows; U; Windows NT 6.1; rv:2.2) Gecko/20110201"
16.180.70.237 - - [01/Jan/2015:20:52:44 ] "GET /Store/cart.jsp?productID=1192 HTTP/1.0" 500 3802 "-" "Mozilla/5.0 (Windows NT 5.1; rv:31.0) Gecko/20100101 Firefox/31.0"
10.182.189.79 - - [01/Jan/2015:20:53:55 ] "GET /handle-bars1429 HTTP/1.0" 300 3191 "http://bleater.com" "Mozilla/5.0 (Macintosh; Intel Mac OS X 10_9_2) AppleWebKit/537.36 (KHTML, like Gecko) Chrome/36.0.1944.0 Safari/537.36"
16.180.70.237 - - [01/Jan/2015:20:54:42 ] "GET /saddles1061 HTTP/1.0" 300 2056 "http://www.casualcyclist.com" "Mozilla/5.0 (iPad; CPU OS 6_0 like Mac OS X) AppleWebKit/536.26 (KHTML, like Gecko) Version/6.0 Mobile/10A5355d Safari/8536.25"
233.192.62.103 - - [01/Jan/2015:20:55:51 ] "GET /shifters1204 HTTP/1.0" 403 2703 "http://searchengine.com" "Mozilla/4.0 (compatible; MSIE 7.0; Windows NT 6.0)"
218.193.16.244 - - [01/Jan/2015:20:57:01 ] "GET /stems1257 HTTP/1.0" 403 2839 "http://www.casualcyclist.com" "Mozilla/4.0 (compatible; MSIE 7.0; Windows NT 6.0)"
244.157.45.12 - - [01/Jan/2015:20:57:57 ] "GET /saddles1092 HTTP/1.0" 500 4858 "http://www.casualcyclist.com" "Mozilla/5.0 (Windows NT 5.1; rv:31.0) Gecko/20100101 Firefox/31.0"
237.43.24.118 - - [01/Jan/2015:20:58:44 ] "GET /forks1349 HTTP/1.0" 500 4356 "http://bleater.com" "Mozilla/4.0 (compatible; MSIE 7.0; Windows NT 6.0)"
237.43.24.118 - - [01/Jan/2015:20:59:43 ] "GET /stems1166 HTTP/1.0" 403 4671 "-" "Mozilla/5.0 (Windows; U; MSIE 9.0; WIndows NT 9.0; en-US))"
