218.193.16.244 - - [01/Jan/2015:18:00:53 ] "GET /shifters1241 HTTP/1.0" 500 3411 "-" "Mozilla/5.0 (Windows NT 5.1; rv:31.0) Gecko/20100101 Firefox/31.0"
10.182.189.79 - - [01/Jan/2015:18:02:31 ] "GET /stems1109 HTTP/1.0" 300 2488 "http://bleater.com" "Mozilla/5.0 (Windows; U; MSIE 9.0; WIndows NT 9.0; en-US))"
16.180.70.237 - - [01/Jan/2015:18:04:09 ] "GET /stems1364 HTTP/1.0" 403 3977 "http://www.casualcyclist.com" "Mozilla/5.0 (Windows; U; MSIE 9.0; WIndows NT 9.0; en-US))"
218.193.16.244 - - [01/Jan/2015:18:04:54 ] "GET /saddles1243 HTTP/1.0" 300 2055 "-" "Mozilla/5.0 (Windows; U; MSIE 9.0; WIndows NT 9.0; en-US))"
123.221.14.56 - - [01/Jan/2015:18:05:51 ] "GET /handle-bars1026 HTTP/1.0" 200 4522 "http://www.casualcyclist.com" "Mozilla/5.0 (Windows; U; Windows NT 6.1; rv:2.2) Gecko/20110201"
16.180.70.237 - - [01/Jan/2015:18:06:56 ] "GET /Store/cart.jsp?productID=1389 HTTP/1.0" 403 4638 "http://bestcyclingreviews.com/top_online_shops" "Mozilla/5.0 (Windows; U; MSIE 9.0; WIndows NT 9.0; en-US))"
244.157.45.12 - - [01/Jan/2015:18:08:32 ] "GET /seatposts1471 HTTP/1.0" 500 4392 "http://www.casualcyclist.com" "Mozilla/4.0 (compatible; MSIE 7.0; Windows NT 6.0)"
81.73.150.239 - - [01/Jan/2015:18:09:29 ] "GET /handle-bars1446 HTTP/1.0" 500 2465 "-" "Mozilla/4.0 (compatible; MSIE 7.0; Windows NT 6.0)"
244.157.45.12 - - [01/Jan/2015:18:10:08 ] "GET /wheelsets1405 HTTP/1.0" 300 4229 "http://searchengine.com" "Mozilla/5.0 (Windows; U; Windows NT 6.1; rv:2.2) Gecko/20110201"
123.221.14.56 - - [01/Jan/2015:18:10:53 ] "GET /Store/cart.jsp?productID=1096 HTTP/1.0" 200 3176 "http://searchengine.com" "Mozilla/5.0 (Windows; U; MSIE 9.0; WIndows NT 9.0; en-US))"
10.182.189.79 - - [01/Jan/2015:18:11:23 ] "GET /handle-bars1172 HTTP/1.0" 500 3968 "-" "Mozilla/5.0 (iPad; CPU OS 6_0 like Mac OS X) AppleWebKit/536.26 (KHTML, like Gecko) Version/6.0 Mobile/10A5355d Safari/8536.25"
218.193.16.244 - - [01/Jan/2015:18:13:03 ] "GET /seatposts1386 HTTP/1.0" 403 3509 "http://bestcyclingreviews.com/top_online_shops" "Mozilla/5.0 (Macintosh; Intel Mac OS X 10_9_2) AppleWebKit/537.36 (KHTML, like Gecko) Chrome/36.0.1944.0 Safari/537.36"
233.192.62.103 - - [01/Jan/2015:18:13:57 ] "GET /saddles1402 HTTP/1.0" 200 3199 "http://bleater.com" "Mozilla/5.0 (Macintosh; Intel Mac OS X 10_9_2) AppleWebKit/537.36 (KHTML, like Gecko) Chrome/36.0.1944.0 Safari/537.36"
81.73.150.239 - - [01/Jan/2015:18:15:19 ] "GET /Store/cart.jsp?productID=1246 HTTP/1.0" 200 4797 "-" "Mozilla/5.0 (Windows NT 5.1; rv:31.0) Gecko/20100101 Firefox/31.0"
114.214.178.92 - - [01/Jan/2015:18:16:09 ] "GET /forks1346 HTTP/1.0" 500 4676 "-" "Mozilla/5.0 (Linux; U; Android 2.3.5; en-us; HTC Vision Build/GRI40) AppleWebKit/533.1 (KHTML, like Gecko) Version/4.0 Mobile Safari/533.1"
237.43.24.118 - - [01/Jan/2015:18:17:14 ] "GET /forks1227 HTTP/1.0" 403 4229 "http://bestcyclingreviews.com/top_online_shops" "Mozilla/5.0 (Windows; U; MSIE 9.0; WIndows NT 9.0; en-US))"
10.182.189.79 - - [01/Jan/2015:18:18:49 ] "GET /saddles1236 HTTP/1.0" 200 4597 "-" "Mozilla/5.0 (Windows; U; Windows NT 6.1; rv:2.2) Gecko/20110201"
237.43.24.118 - - [01/Jan/2015:18:20:06 ] "GET /shifters1265 HTTP/1.0" 200 2386 "http://www.casualcyclist.com" "Mozilla/5.0 (Linux; U; Android 2.3.5; en-us; HTC Vision Build/GRI40) AppleWebKit/533.1 (KHTML, like Gecko) Version/4.0 Mobile Safari/533.1"
218.193.16.244 - - [01/Jan/2015:18:21:44 ] "GET /handle-bars1377 HTTP/1.0" 403 2799 "http://bestcyclingreviews.com/top_online_shops" "Mozilla/5.0 (Windows; U; MSIE 9.0; WIndows NT 9.0; en-US))"
16.180.70.237 - - [01/Jan/2015:18:22:19 ] "GET /wheelsets1416 HTTP/1.0" 300 4825 "http://searchengine.com" "Mozilla/5.0 (iPad; CPU OS 6_0 like Mac OS X) AppleWebKit/536.26 (KHTML, like Gecko) Version/6.0 Mobile/10A5355d Safari/8536.25"
218.193.16.244 - - [01/Jan/2015:18:23:13 ] "GET /Store/cart.jsp?productID=1090 HTTP/1.0" 500 2552 "http://searchengine.com" "Mozilla/5.0 (iPad; CPU OS 6_0 like Mac OS X) AppleWebKit/536.26 (KHTML, like Gecko) Version/6.0 Mobile/10A5355d Safari/8536.25"
16.180.70.237 - - [01/Jan/2015:18:24:40 ] "GET /stems1211 HTTP/1.0" 300 2411 "-" "Mozilla/5.0 (Linux; U; Android 2.3.5; en-us; HTC Vision Build/GRI40) AppleWebKit/533.1 (KHTML, like Gecko) Version/4.0 Mobile Safari/533.1"
114.214.178.92 - - [01/Jan/2015:18:25:29 ] "GET /forks1329 HTTP/1.0" 200 3043 "http://bleater.com" "Mozilla/5.0 (Linux; U; Android 2.3.5; en-us; HTC Vision Build/GRI40) AppleWebKit/533.1 (KHTML, like Gecko) Version/4.0 Mobile Safari/533.1"
244.157.45.12 - - [01/Jan/2015:18:26:04 ] "GET /forks1152 HTTP/1.0" 403 2416 "http://bestcyclingreviews.com/top_online_shops" "Mozilla/4.0 (compatible; MSIE 7.0; Windows NT 6.0)"
233.192.62.103 - - [01/Jan/2015:18:27:11 ] "GET /handle-bars1263 HTTP/1.0" 403 4932 "http://bleater.com" "Mozilla/5.0 (Windows; U; MSIE 9.0; WIndows NT 9.0; en-US))"
81.73.150.239 - - [01/Jan/2015:18:28:47 ] "GET /shifters1298 HTTP/1.0" 300 3023 "-" "Mozilla/5.0 (Linux; U; Android 2.3.5; en-us; HTC Vision Build/GRI40) AppleWebKit/533.1 (KHTML, like Gecko) Version/4.0 Mobile Safari/533.1"
237.43.24.118 - - [01/Jan/2015:18:29:37 ] "GET /stems1463 HTTP/1.0" 403 4741 "http://bestcyclingreviews.com/top_online_shops" "Mozilla/5.0 (Windows; U; Windows NT 6.1; rv:2.2) Gecko/20110201"
10.182.189.79 - - [01/Jan/2015:18:30:46 ] "GET /wheelsets1159 HTTP/1.0" 403 3003 "http://www.casualcyclist.com" "Mozilla/4.0 (compatible; MSIE 7.0; Windows NT 6.0)"
114.214.178.92 - - [01/Jan/2015:18:31:43 ] "GET /forks1192 HTTP/1.0" 200 2379 "http://searchengine.com" "Mozilla/4.0 (compatible; MSIE 7.0; Windows NT 6.0)"
114.214.178.92 - - [01/Jan/2015:18:32:57 ] "GET /stems1229 HTTP/1.0" 300 2100 "http://bleater.com" "Mozilla/5.0 (Windows; U; MSIE 9.0; WIndows NT 9.0; en-US))"
244.157.45.12 - - [01/Jan/2015:18:34:30 ] "GET /stems1230 HTTP/1.0" 300 2236 "http://bestcyclingreviews.com/top_online_shops" "Mozilla/5.0 (Linux; U; Android 2.3.5; en-us; HTC Vision Build/GRI40) AppleWebKit/533.1 (KHTML, like Gecko) Version/4.0 Mobile Safari/533.1"
237.43.24.118 - - [01/Jan/2015:18:35:02 ] "GET /forks1008 HTTP/1.0" 200 2951 "http://bleater.com" "Mozilla/5.0 (iPad; CPU OS 6_0 like Mac OS X) AppleWebKit/536.26 (KHTML, like Gecko) Version/6.0 Mobile/10A5355d Safari/8536.25"
244.157.45.12 - - [01/Jan/2015:18:36:41 ] "GET /handle-bars1011 HTTP/1.0" 500 3800 "http://searchengine.com" "Mozilla/4.0 (compatible; MSIE 7.0; Windows NT 6.0)"
16.180.70.237 - - [01/Jan/2015:18:37:49 ] "GET /seatposts1392 HTTP/1.0" 500 2677 "http://www.casualcyclist.com" "Mozilla/5.0 (Linux; U; Android 2.3.5; en-us; HTC Vision Build/GRI40) AppleWebKit/533.1 (KHTML, like Gecko) Version/4.0 Mobile Safari/533.1"
218.193.16.244 - - [01/Jan/2015:18:38:21 ] "GET /stems1386 HTTP/1.0" 500 2299 "http://bestcyclingreviews.com/top_online_shops" "Mozilla/4.0 (compatible; MSIE 7.0; Windows NT 6.0)"
244.157.45.12 - - [01/Jan/2015:18:39:57 ] "GET /saddles1170 HTTP/1.0" 403 4187 "http://bestcyclingreviews.com/top_online_shops" "Mozilla/5.0 (Macintosh; Intel Mac OS X 10_9_2) AppleWebKit/537.36 (KHTML, like Gecko) Chrome/36.0.1944.0 Safari/537.36"
114.214.178.92 - - [01/Jan/2015:18:40:57 ] "GET /Store/cart.jsp?productID=1011 HTTP/1.0" 200 2349 "-" "Mozilla/4.0 (compatible; MSIE 7.0; Windows NT 6.0)"
123.221.14.56 - - [01/Jan/2015:18:41:36 ] "GET /handle-bars1196 HTTP/1.0" 300 2374 "http://www.casualcyclist.com" "Mozilla/5.0 (Windows; U; Windows NT 6.1; rv:2.2) Gecko/20110201"
244.157.45.12 - - [01/Jan/2015:18:42:28 ] "GET /wheelsets1342 HTTP/1.0" 500 2952 "http://bestcyclingreviews.com/top_online_shops" "Mozilla/5.0 (Linux; U; Android 2.3.5; en-us; HTC Vision Build/GRI40) AppleWebKit/533.1 (KHTML, like Gecko) Version/4.0 Mobile Safari/533.1"
233.192.62.103 - - [01/Jan/2015:18:43:09 ] "GET /handle-bars1109 HTTP/1.0" 200 4345 "-" "Mozilla/5.0 (Windows; U; MSIE 9.0; WIndows NT 9.0; en-US))"
218.193.16.244 - - [01/Jan/2015:18:44:22 ] "GET /shifters1351 HTTP/1.0" 200 3681 "http://bleater.com" "Mozilla/5.0 (Windows; U; MSIE 9.0; WIndows NT 9.0; en-US))"
244.157.45.12 - - [01/Jan/2015:18:46:02 ] "GET /Store/cart.jsp?productID=1247 HTTP/1.0" 403 3811 "http://searchengine.com" "Mozilla/5.0 (Linux; U; Android 2.3.5; en-us; HTC Vision Build/GRI40) AppleWebKit/533.1 (KHTML, like Gecko) Version/4.0 Mobile Safari/533.1"
233.192.62.103 - - [01/Jan/2015:18:46:41 ] "GET /handle-bars1093 HTTP/1.0" 500 4655 "http://bestcyclingreviews.com/top_online_shops" "Mozilla/5.0 (Windows NT 5.1; rv:31.0) Gecko/20100101 Firefox/31.0"
114.214.178.92 - - [01/Jan/2015:18:47:45 ] "GET /shifters1203 HTTP/1.0" 300 2595 "http://bleater.com" "Mozilla/5.0 (Macintosh; Intel Mac OS X 10_9_2) AppleWebKit/537.36 (KHTML, like Gecko) Chrome/36.0.1944.0 Safari/537.36"
198.122.118.164 - - [01/Jan/2015:18:49:01 ] "GET /saddles1475 HTTP/1.0" 403 3947 "http://bestcyclingreviews.com/top_online_shops" "Mozilla/5.0 (iPad; CPU OS 6_0 like Mac OS X) AppleWebKit/536.26 (KHTML, like Gecko) Version/6.0 Mobile/10A5355d Safari/8536.25"
123.221.14.56 - - [01/Jan/2015:18:50:08 ] "GET /shifters1413 HTTP/1.0" 403 3731 "http://bleater.com" "Mozilla/5.0 (Linux; U; Android 2.3.5; en-us; HTC Vision Build/GRI40) AppleWebKit/533.1 (KHTML, like Gecko) Version/4.0 Mobile Safari/533.1"
123.221.14.56 - - [01/Jan/2015:18:50:42 ] "GET /shifters1192 HTTP/1.0" 500 2594 "http://searchengine.com" "Mozilla/5.0 (iPad; CPU OS 6_0 like Mac OS X) AppleWebKit/536.26 (KHTML, like Gecko) Version/6.0 Mobile/10A5355d Safari/8536.25"
123.221.14.56 - - [01/Jan/2015:18:51:21 ] "GET /handle-bars1336 HTTP/1.0" 300 3092 "http://searchengine.com" "Mozilla/4.0 (compatible; MSIE 7.0; Windows NT 6.0)"
233.192.62.103 - - [01/Jan/2015:18:52:54 ] "GET /shifters1433 HTTP/1.0" 500 2266 "http://bleater.com" "Mozilla/5.0 (Windows; U; Windows NT 6.1; rv:2.2) Gecko/20110201"
198.122.118.164 - - [01/Jan/2015:18:53:52 ] "GET /saddles1036 HTTP/1.0" 500 4807 "-" "Mozilla/5.0 (Windows; U; MSIE 9.0; WIndows NT 9.0; en-US))"
244.157.45.12 - - [01/Jan/2015:18:55:17 ] "GET /forks1009 HTTP/1.0" 500 4914 "http://searchengine.com" "Mozilla/5.0 (Windows NT 5.1; rv:31.0) Gecko/20100101 Firefox/31.0"
123.221.14.56 - - [01/Jan/2015:18:55:51 ] "GET /shifters1443 HTTP/1.0" 500 2805 "http://bleater.com" "Mozilla/5.0 (Linux; U; Android 2.3.5; en-us; HTC Vision Build/GRI40) AppleWebKit/533.1 (KHTML, like Gecko) Version/4.0 Mobile Safari/533.1"
244.157.45.12 - - [01/Jan/2015:18:57:07 ] "GET /Store/cart.jsp?productID=1276 HTTP/1.0" 500 2022 "-" "Mozilla/5.0 (Windows; U; MSIE 9.0; WIndows NT 9.0; en-US))"
233.192.62.103 - - [01/Jan/2015:18:58:40 ] "GET /stems1317 HTTP/1.0" 403 2399 "http://searchengine.com" "Mozilla/5.0 (iPad; CPU OS 6_0 like Mac OS X) AppleWebKit/536.26 (KHTML, like Gecko) Version/6.0 Mobile/10A5355d Safari/8536.25"
244.157.45.12 - - [01/Jan/2015:18:59:19 ] "GET /handle-bars1473 HTTP/1.0" 500 3682 "http://bestcyclingreviews.com/top_online_shops" "Mozilla/5.0 (Linux; U; Android 2.3.5; en-us; HTC Vision Build/GRI40) AppleWebKit/533.1 (KHTML, like Gecko) Version/4.0 Mobile Safari/533.1"
10.182.189.79 - - [01/Jan/2015:18:59:49 ] "GET /wheelsets1338 HTTP/1.0" 200 3140 "http://bleater.com" "Mozilla/5.0 (Macintosh; Intel Mac OS X 10_9_2) AppleWebKit/537.36 (KHTML, like Gecko) Chrome/36.0.1944.0 Safari/537.36"
