198.122.118.164 - - [01/Jan/2015:07:01:00 ] "GET /handle-bars1471 HTTP/1.0" 500 2050 "http://www.casualcyclist.com" "Mozilla/5.0 (Macintosh; Intel Mac OS X 10_9_2) AppleWebKit/537.36 (KHTML, like Gecko) Chrome/36.0.1944.0 Safari/537.36"
10.182.189.79 - - [01/Jan/2015:07:02:23 ] "GET /handle-bars1089 HTTP/1.0" 500 2177 "-" "Mozilla/5.0 (Macintosh; Intel Mac OS X 10_9_2) AppleWebKit/537.36 (KHTML, like Gecko) Chrome/36.0.1944.0 Safari/537.36"
16.180.70.237 - - [01/Jan/2015:07:03:15 ] "GET /Store/cart.jsp?productID=1149 HTTP/1.0" 403 3722 "-" "Mozilla/5.0 (Macintosh; Intel Mac OS X 10_9_2) AppleWebKit/537.36 (KHTML, like Gecko) Chrome/36.0.1944.0 Safari/537.36"
123.221.14.56 - - [01/Jan/2015:07:03:59 ] "GET /stems1219 HTTP/1.0" 403 3737 "http://www.casualcyclist.com" "Mozilla/5.0 (Windows; U; MSIE 9.0; WIndows NT 9.0; en-US))"
233.192.62.103 - - [01/Jan/2015:07:05:23 ] "GET /saddles1088 HTTP/1.0" 500 3680 "http://searchengine.com" "Mozilla/5.0 (Macintosh; Intel Mac OS X 10_9_2) AppleWebKit/537.36 (KHTML, like Gecko) Chrome/36.0.1944.0 Safari/537.36"
123.221.14.56 - - [01/Jan/2015:07:06:47 ] "GET /seatposts1479 HTTP/1.0" 403 2239 "http://bleater.com" "Mozilla/5.0 (Windows NT 5.1; rv:31.0) Gecko/20100101 Firefox/31.0"
233.192.62.103 - - [01/Jan/2015:07:07:46 ] "GET /forks1468 HTTP/1.0" 200 2168 "http://bestcyclingreviews.com/top_online_shops" "Mozilla/5.0 (Macintosh; Intel Mac OS X 10_9_2) AppleWebKit/537.36 (KHTML, like Gecko) Chrome/36.0.1944.0 Safari/537.36"
16.180.70.237 - - [01/Jan/2015:07:08:52 ] "GET /Store/cart.jsp?productID=1035 HTTP/1.0" 200 2302 "http://searchengine.com" "Mozilla/5.0 (Windows NT 5.1; rv:31.0) Gecko/20100101 Firefox/31.0"
114.214.178.92 - - [01/Jan/2015:07:10:27 ] "GET /wheelsets1398 HTTP/1.0" 300 2522 "http://searchengine.com" "Mozilla/5.0 (Macintosh; Intel Mac OS X 10_9_2) AppleWebKit/537.36 (KHTML, like Gecko) Chrome/36.0.1944.0 Safari/537.36"
123.221.14.56 - - [01/Jan/2015:07:11:58 ] "GET /stems1462 HTTP/1.0" 500 2648 "http://searchengine.com" "Mozilla/5.0 (Windows; U; MSIE 9.0; WIndows NT 9.0; en-US))"
81.73.150.239 - - [01/Jan/2015:07:13:31 ] "GET /seatposts1427 HTTP/1.0" 300 4873 "http://searchengine.com" "Mozilla/5.0 (Linux; U; Android 2.3.5; en-us; HTC Vision Build/GRI40) AppleWebKit/533.1 (KHTML, like Gecko) Version/4.0 Mobile Safari/533.1"
198.122.118.164 - - [01/Jan/2015:07:15:07 ] "GET /saddles1355 HTTP/1.0" 200 4224 "-" "Mozilla/5.0 (Windows; U; Windows NT 6.1; rv:2.2) Gecko/20110201"
10.182.189.79 - - [01/Jan/2015:07:16:41 ] "GET /shifters1097 HTTP/1.0" 200 4050 "http://searchengine.com" "Mozilla/5.0 (Windows; U; MSIE 9.0; WIndows NT 9.0; en-US))"
237.43.24.118 - - [01/Jan/2015:07:17:35 ] "GET /handle-bars1128 HTTP/1.0" 300 2467 "http://www.casualcyclist.com" "Mozilla/5.0 (iPad; CPU OS 6_0 like Mac OS X) AppleWebKit/536.26 (KHTML, like Gecko) Version/6.0 Mobile/10A5355d Safari/8536.25"
237.43.24.118 - - [01/Jan/2015:07:18:29 ] "GET /forks1386 HTTP/1.0" 403 2722 "http://bestcyclingreviews.com/top_online_shops" "Mozilla/4.0 (compatible; MSIE 7.0; Windows NT 6.0)"
218.193.16.244 - - [01/Jan/2015:07:19:03 ] "GET /seatposts1170 HTTP/1.0" 500 4276 "http://bleater.com" "Mozilla/5.0 (Windows; U; MSIE 9.0; WIndows NT 9.0; en-US))"
114.214.178.92 - - [01/Jan/2015:07:19:38 ] "GET /saddles1213 HTTP/1.0" 403 2808 "-" "Mozilla/5.0 (Windows; U; MSIE 9.0; WIndows NT 9.0; en-US))"
114.214.178.92 - - [01/Jan/2015:07:21:10 ] "GET /forks1140 HTTP/1.0" 300 2092 "http://bleater.com" "Mozilla/5.0 (Windows; U; MSIE 9.0; WIndows NT 9.0; en-US))"
81.73.150.239 - - [01/Jan/2015:07:22:24 ] "GET /Store/cart.jsp?productID=1349 HTTP/1.0" 500 2368 "http://bestcyclingreviews.com/top_online_shops" "Mozilla/5.0 (Linux; U; Android 2.3.5; en-us; HTC Vision Build/GRI40) AppleWebKit/533.1 (KHTML, like Gecko) Version/4.0 Mobile Safari/533.1"
198.122.118.164 - - [01/Jan/2015:07:22:56 ] "GET /saddles1339 HTTP/1.0" 300 3092 "http://searchengine.com" "Mozilla/5.0 (Windows; U; MSIE 9.0; WIndows NT 9.0; en-US))"
81.73.150.239 - - [01/Jan/2015:07:24:07 ] "GET /forks1162 HTTP/1.0" 500 4162 "http://www.casualcyclist.com" "Mozilla/5.0 (Windows NT 5.1; rv:31.0) Gecko/20100101 Firefox/31.0"
198.122.118.164 - - [01/Jan/2015:07:25:17 ] "GET /handle-bars1085 HTTP/1.0" 300 2156 "http://bleater.com" "Mozilla/4.0 (compatible; MSIE 7.0; Windows NT 6.0)"
198.122.118.164 - - [01/Jan/2015:07:25:58 ] "GET /wheelsets1087 HTTP/1.0" 403 4490 "http://searchengine.com" "Mozilla/5.0 (Linux; U; Android 2.3.5; en-us; HTC Vision Build/GRI40) AppleWebKit/533.1 (KHTML, like Gecko) Version/4.0 Mobile Safari/533.1"
237.43.24.118 - - [01/Jan/2015:07:26:51 ] "GET /handle-bars1061 HTTP/1.0" 500 2334 "http://www.casualcyclist.com" "Mozilla/5.0 (Linux; U; Android 2.3.5; en-us; HTC Vision Build/GRI40) AppleWebKit/533.1 (KHTML, like Gecko) Version/4.0 Mobile Safari/533.1"
123.221.14.56 - - [01/Jan/2015:07:27:55 ] "GET /wheelsets1302 HTTP/1.0" 500 3912 "http://searchengine.com" "Mozilla/5.0 (iPad; CPU OS 6_0 like Mac OS X) AppleWebKit/536.26 (KHTML, like Gecko) Version/6.0 Mobile/10A5355d Safari/8536.25"
233.192.62.103 - - [01/Jan/2015:07:28:43 ] "GET /saddles1048 HTTP/1.0" 300 2512 "http://www.casualcyclist.com" "Mozilla/5.0 (Windows; U; Windows NT 6.1; rv:2.2) Gecko/20110201"
198.122.118.164 - - [01/Jan/2015:07:29:25 ] "GET /forks1103 HTTP/1.0" 403 4375 "-" "Mozilla/4.0 (compatible; MSIE 7.0; Windows NT 6.0)"
244.157.45.12 - - [01/Jan/2015:07:30:13 ] "GET /seatposts1093 HTTP/1.0" 403 4066 "http://bleater.com" "Mozilla/4.0 (compatible; MSIE 7.0; Windows NT 6.0)"
16.180.70.237 - - [01/Jan/2015:07:31:38 ] "GET /stems1310 HTTP/1.0" 403 4890 "-" "Mozilla/4.0 (compatible; MSIE 7.0; Windows NT 6.0)"
233.192.62.103 - - [01/Jan/2015:07:32:21 ] "GET /Store/cart.jsp?productID=1484 HTTP/1.0" 403 3537 "http://searchengine.com" "Mozilla/5.0 (iPad; CPU OS 6_0 like Mac OS X) AppleWebKit/536.26 (KHTML, like Gecko) Version/6.0 Mobile/10A5355d Safari/8536.25"
10.182.189.79 - - [01/Jan/2015:07:33:38 ] "GET /wheelsets1451 HTTP/1.0" 403 4710 "http://searchengine.com" "Mozilla/5.0 (iPad; CPU OS 6_0 like Mac OS X) AppleWebKit/536.26 (KHTML, like Gecko) Version/6.0 Mobile/10A5355d Safari/8536.25"
10.182.189.79 - - [01/Jan/2015:07:34:45 ] "GET /shifters1475 HTTP/1.0" 300 4831 "http://bestcyclingreviews.com/top_online_shops" "Mozilla/4.0 (compatible; MSIE 7.0; Windows NT 6.0)"
10.182.189.79 - - [01/Jan/2015:07:36:13 ] "GET /handle-bars1423 HTTP/1.0" 403 2378 "http://www.casualcyclist.com" "Mozilla/5.0 (Linux; U; Android 2.3.5; en-us; HTC Vision Build/GRI40) AppleWebKit/533.1 (KHTML, like Gecko) Version/4.0 Mobile Safari/533.1"
244.157.45.12 - - [01/Jan/2015:07:37:10 ] "GET /wheelsets1228 HTTP/1.0" 403 2377 "http://bestcyclingreviews.com/top_online_shops" "Mozilla/5.0 (Windows; U; Windows NT 6.1; rv:2.2) Gecko/20110201"
10.182.189.79 - - [01/Jan/2015:07:38:44 ] "GET /Store/cart.jsp?productID=1474 HTTP/1.0" 300 4648 "http://searchengine.com" "Mozilla/5.0 (Windows NT 5.1; rv:31.0) Gecko/20100101 Firefox/31.0"
123.221.14.56 - - [01/Jan/2015:07:39:23 ] "GET /stems1292 HTTP/1.0" 200 2806 "http://www.casualcyclist.com" "Mozilla/4.0 (compatible; MSIE 7.0; Windows NT 6.0)"
198.122.118.164 - - [01/Jan/2015:07:40:57 ] "GET /shifters1084 HTTP/1.0" 300 2944 "http://bleater.com" "Mozilla/5.0 (iPad; CPU OS 6_0 like Mac OS X) AppleWebKit/536.26 (KHTML, like Gecko) Version/6.0 Mobile/10A5355d Safari/8536.25"
244.157.45.12 - - [01/Jan/2015:07:42:37 ] "GET /forks1013 HTTP/1.0" 200 4801 "http://bestcyclingreviews.com/top_online_shops" "Mozilla/5.0 (Windows; U; MSIE 9.0; WIndows NT 9.0; en-US))"
16.180.70.237 - - [01/Jan/2015:07:44:14 ] "GET /saddles1393 HTTP/1.0" 403 2908 "http://searchengine.com" "Mozilla/5.0 (Windows; U; Windows NT 6.1; rv:2.2) Gecko/20110201"
10.182.189.79 - - [01/Jan/2015:07:45:25 ] "GET /saddles1086 HTTP/1.0" 300 4552 "http://www.casualcyclist.com" "Mozilla/5.0 (Windows NT 5.1; rv:31.0) Gecko/20100101 Firefox/31.0"
237.43.24.118 - - [01/Jan/2015:07:46:22 ] "GET /saddles1420 HTTP/1.0" 500 3958 "http://www.casualcyclist.com" "Mozilla/5.0 (Macintosh; Intel Mac OS X 10_9_2) AppleWebKit/537.36 (KHTML, like Gecko) Chrome/36.0.1944.0 Safari/537.36"
218.193.16.244 - - [01/Jan/2015:07:46:55 ] "GET /forks1200 HTTP/1.0" 300 3890 "http://www.casualcyclist.com" "Mozilla/5.0 (Windows NT 5.1; rv:31.0) Gecko/20100101 Firefox/31.0"
123.221.14.56 - - [01/Jan/2015:07:47:27 ] "GET /seatposts1127 HTTP/1.0" 403 3272 "http://searchengine.com" "Mozilla/5.0 (Windows; U; Windows NT 6.1; rv:2.2) Gecko/20110201"
237.43.24.118 - - [01/Jan/2015:07:48:24 ] "GET /forks1241 HTTP/1.0" 403 4614 "http://bestcyclingreviews.com/top_online_shops" "Mozilla/5.0 (Macintosh; Intel Mac OS X 10_9_2) AppleWebKit/537.36 (KHTML, like Gecko) Chrome/36.0.1944.0 Safari/537.36"
81.73.150.239 - - [01/Jan/2015:07:49:03 ] "GET /shifters1457 HTTP/1.0" 200 4636 "http://searchengine.com" "Mozilla/5.0 (Windows NT 5.1; rv:31.0) Gecko/20100101 Firefox/31.0"
16.180.70.237 - - [01/Jan/2015:07:50:41 ] "GET /seatposts1370 HTTP/1.0" 300 4251 "http://bestcyclingreviews.com/top_online_shops" "Mozilla/5.0 (Windows NT 5.1; rv:31.0) Gecko/20100101 Firefox/31.0"
16.180.70.237 - - [01/Jan/2015:07:52:13 ] "GET /handle-bars1277 HTTP/1.0" 500 4716 "http://searchengine.com" "Mozilla/5.0 (Linux; U; Android 2.3.5; en-us; HTC Vision Build/GRI40) AppleWebKit/533.1 (KHTML, like Gecko) Version/4.0 Mobile Safari/533.1"
10.182.189.79 - - [01/Jan/2015:07:52:55 ] "GET /forks1300 HTTP/1.0" 300 2208 "-" "Mozilla/5.0 (Windows; U; MSIE 9.0; WIndows NT 9.0; en-US))"
114.214.178.92 - - [01/Jan/2015:07:54:21 ] "GET /forks1400 HTTP/1.0" 300 3339 "http://www.casualcyclist.com" "Mozilla/4.0 (compatible; MSIE 7.0; Windows NT 6.0)"
81.73.150.239 - - [01/Jan/2015:07:55:32 ] "GET /saddles1173 HTTP/1.0" 403 4314 "http://searchengine.com" "Mozilla/5.0 (Linux; U; Android 2.3.5; en-us; HTC Vision Build/GRI40) AppleWebKit/533.1 (KHTML, like Gecko) Version/4.0 Mobile Safari/533.1"
114.214.178.92 - - [01/Jan/2015:07:56:25 ] "GET /Store/cart.jsp?productID=1476 HTTP/1.0" 500 4924 "http://bestcyclingreviews.com/top_online_shops" "Mozilla/4.0 (compatible; MSIE 7.0; Windows NT 6.0)"
218.193.16.244 - - [01/Jan/2015:07:57:40 ] "GET /shifters1384 HTTP/1.0" 300 4811 "http://www.casualcyclist.com" "Mozilla/5.0 (Windows NT 5.1; rv:31.0) Gecko/20100101 Firefox/31.0"
218.193.16.244 - - [01/Jan/2015:07:58:20 ] "GET /handle-bars1036 HTTP/1.0" 500 4975 "http://www.casualcyclist.com" "Mozilla/4.0 (compatible; MSIE 7.0; Windows NT 6.0)"
123.221.14.56 - - [01/Jan/2015:07:59:27 ] "GET /seatposts1366 HTTP/1.0" 500 3678 "http://searchengine.com" "Mozilla/5.0 (Macintosh; Intel Mac OS X 10_9_2) AppleWebKit/537.36 (KHTML, like Gecko) Chrome/36.0.1944.0 Safari/537.36"
