123.221.14.56 - - [01/Jan/2015:11:01:05 ] "GET /forks1448 HTTP/1.0" 500 2887 "http://bestcyclingreviews.com/top_online_shops" "Mozilla/5.0 (Windows NT 5.1; rv:31.0) Gecko/20100101 Firefox/31.0"
237.43.24.118 - - [01/Jan/2015:11:02:16 ] "GET /forks1186 HTTP/1.0" 300 3574 "http://bestcyclingreviews.com/top_online_shops" "Mozilla/5.0 (Windows NT 5.1; rv:31.0) Gecko/20100101 Firefox/31.0"
81.73.150.239 - - [01/Jan/2015:11:03:32 ] "GET /Store/cart.jsp?productID=1445 HTTP/1.0" 200 4072 "-" "Mozilla/5.0 (iPad; CPU OS 6_0 like Mac OS X) AppleWebKit/536.26 (KHTML, like Gecko) Version/6.0 Mobile/10A5355d Safari/8536.25"
244.157.45.12 - - [01/Jan/2015:11:04:36 ] "GET /wheelsets1465 HTTP/1.0" 403 4413 "http://www.casualcyclist.com" "Mozilla/5.0 (Linux; U; Android 2.3.5; en-us; HTC Vision Build/GRI40) AppleWebKit/533.1 (KHTML, like Gecko) Version/4.0 Mobile Safari/533.1"
237.43.24.118 - - [01/Jan/2015:11:05:43 ] "GET /wheelsets1050 HTTP/1.0" 300 2632 "http://www.casualcyclist.com" "Mozilla/5.0 (Windows; U; MSIE 9.0; WIndows NT 9.0; en-US))"
123.221.14.56 - - [01/Jan/2015:11:06:51 ] "GET /shifters1109 HTTP/1.0" 500 3642 "-" "Mozilla/5.0 (Linux; U; Android 2.3.5; en-us; HTC Vision Build/GRI40) AppleWebKit/533.1 (KHTML, like Gecko) Version/4.0 Mobile Safari/533.1"
244.157.45.12 - - [01/Jan/2015:11:08:14 ] "GET /wheelsets1317 HTTP/1.0" 200 3280 "http://www.casualcyclist.com" "Mozilla/4.0 (compatible; MSIE 7.0; Windows NT 6.0)"
218.193.16.244 - - [01/Jan/2015:11:09:41 ] "GET /stems1475 HTTP/1.0" 500 4226 "http://bestcyclingreviews.com/top_online_shops" "Mozilla/5.0 (Macintosh; Intel Mac OS X 10_9_2) AppleWebKit/537.36 (KHTML, like Gecko) Chrome/36.0.1944.0 Safari/537.36"
16.180.70.237 - - [01/Jan/2015:11:10:20 ] "GET /Store/cart.jsp?productID=1239 HTTP/1.0" 300 3525 "http://bestcyclingreviews.com/top_online_shops" "Mozilla/5.0 (Windows NT 5.1; rv:31.0) Gecko/20100101 Firefox/31.0"
198.122.118.164 - - [01/Jan/2015:11:11:20 ] "GET /wheelsets1295 HTTP/1.0" 500 2277 "http://www.casualcyclist.com" "Mozilla/5.0 (Macintosh; Intel Mac OS X 10_9_2) AppleWebKit/537.36 (KHTML, like Gecko) Chrome/36.0.1944.0 Safari/537.36"
237.43.24.118 - - [01/Jan/2015:11:12:45 ] "GET /seatposts1447 HTTP/1.0" 300 4436 "-" "Mozilla/4.0 (compatible; MSIE 7.0; Windows NT 6.0)"
233.192.62.103 - - [01/Jan/2015:11:14:18 ] "GET /shifters1058 HTTP/1.0" 500 4746 "http://bestcyclingreviews.com/top_online_shops" "Mozilla/4.0 (compatible; MSIE 7.0; Windows NT 6.0)"
123.221.14.56 - - [01/Jan/2015:11:15:06 ] "GET /shifters1372 HTTP/1.0" 200 2319 "http://searchengine.com" "Mozilla/5.0 (Linux; U; Android 2.3.5; en-us; HTC Vision Build/GRI40) AppleWebKit/533.1 (KHTML, like Gecko) Version/4.0 Mobile Safari/533.1"
218.193.16.244 - - [01/Jan/2015:11:15:49 ] "GET /handle-bars1225 HTTP/1.0" 403 2449 "http://bestcyclingreviews.com/top_online_shops" "Mozilla/5.0 (Windows; U; Windows NT 6.1; rv:2.2) Gecko/20110201"
218.193.16.244 - - [01/Jan/2015:11:17:19 ] "GET /saddles1060 HTTP/1.0" 500 4018 "http://bestcyclingreviews.com/top_online_shops" "Mozilla/5.0 (Windows; U; MSIE 9.0; WIndows NT 9.0; en-US))"
237.43.24.118 - - [01/Jan/2015:11:18:49 ] "GET /Store/cart.jsp?productID=1259 HTTP/1.0" 500 2724 "-" "Mozilla/5.0 (iPad; CPU OS 6_0 like Mac OS X) AppleWebKit/536.26 (KHTML, like Gecko) Version/6.0 Mobile/10A5355d Safari/8536.25"
16.180.70.237 - - [01/Jan/2015:11:20:25 ] "GET /forks1030 HTTP/1.0" 300 4239 "http://bestcyclingreviews.com/top_online_shops" "Mozilla/5.0 (Windows; U; Windows NT 6.1; rv:2.2) Gecko/20110201"
237.43.24.118 - - [01/Jan/2015:11:21:32 ] "GET /shifters1494 HTTP/1.0" 500 3910 "http://bleater.com" "Mozilla/5.0 (Windows; U; Windows NT 6.1; rv:2.2) Gecko/20110201"
233.192.62.103 - - [01/Jan/2015:11:23:06 ] "GET /wheelsets1343 HTTP/1.0" 403 2274 "http://www.casualcyclist.com" "Mozilla/5.0 (Linux; U; Android 2.3.5; en-us; HTC Vision Build/GRI40) AppleWebKit/533.1 (KHTML, like Gecko) Version/4.0 Mobile Safari/533.1"
237.43.24.118 - - [01/Jan/2015:11:23:54 ] "GET /stems1345 HTTP/1.0" 300 4224 "http://www.casualcyclist.com" "Mozilla/5.0 (iPad; CPU OS 6_0 like Mac OS X) AppleWebKit/536.26 (KHTML, like Gecko) Version/6.0 Mobile/10A5355d Safari/8536.25"
81.73.150.239 - - [01/Jan/2015:11:24:38 ] "GET /wheelsets1311 HTTP/1.0" 500 3820 "http://www.casualcyclist.com" "Mozilla/4.0 (compatible; MSIE 7.0; Windows NT 6.0)"
10.182.189.79 - - [01/Jan/2015:11:25:42 ] "GET /seatposts1067 HTTP/1.0" 300 4004 "-" "Mozilla/4.0 (compatible; MSIE 7.0; Windows NT 6.0)"
81.73.150.239 - - [01/Jan/2015:11:26:16 ] "GET /stems1139 HTTP/1.0" 500 3714 "http://bestcyclingreviews.com/top_online_shops" "Mozilla/5.0 (Linux; U; Android 2.3.5; en-us; HTC Vision Build/GRI40) AppleWebKit/533.1 (KHTML, like Gecko) Version/4.0 Mobile Safari/533.1"
218.193.16.244 - - [01/Jan/2015:11:27:44 ] "GET /seatposts1463 HTTP/1.0" 500 3716 "http://searchengine.com" "Mozilla/4.0 (compatible; MSIE 7.0; Windows NT 6.0)"
244.157.45.12 - - [01/Jan/2015:11:28:36 ] "GET /shifters1396 HTTP/1.0" 200 3459 "http://www.casualcyclist.com" "Mozilla/5.0 (iPad; CPU OS 6_0 like Mac OS X) AppleWebKit/536.26 (KHTML, like Gecko) Version/6.0 Mobile/10A5355d Safari/8536.25"
10.182.189.79 - - [01/Jan/2015:11:29:25 ] "GET /shifters1071 HTTP/1.0" 300 2044 "-" "Mozilla/5.0 (Linux; U; Android 2.3.5; en-us; HTC Vision Build/GRI40) AppleWebKit/533.1 (KHTML, like Gecko) Version/4.0 Mobile Safari/533.1"
237.43.24.118 - - [01/Jan/2015:11:30:34 ] "GET /saddles1359 HTTP/1.0" 403 3439 "http://bleater.com" "Mozilla/5.0 (Macintosh; Intel Mac OS X 10_9_2) AppleWebKit/537.36 (KHTML, like Gecko) Chrome/36.0.1944.0 Safari/537.36"
16.180.70.237 - - [01/Jan/2015:11:32:07 ] "GET /shifters1239 HTTP/1.0" 200 3489 "http://www.casualcyclist.com" "Mozilla/5.0 (iPad; CPU OS 6_0 like Mac OS X) AppleWebKit/536.26 (KHTML, like Gecko) Version/6.0 Mobile/10A5355d Safari/8536.25"
244.157.45.12 - - [01/Jan/2015:11:32:54 ] "GET /seatposts1491 HTTP/1.0" 300 3177 "-" "Mozilla/5.0 (Linux; U; Android 2.3.5; en-us; HTC Vision Build/GRI40) AppleWebKit/533.1 (KHTML, like Gecko) Version/4.0 Mobile Safari/533.1"
123.221.14.56 - - [01/Jan/2015:11:33:31 ] "GET /handle-bars1359 HTTP/1.0" 500 3771 "http://www.casualcyclist.com" "Mozilla/5.0 (iPad; CPU OS 6_0 like Mac OS X) AppleWebKit/536.26 (KHTML, like Gecko) Version/6.0 Mobile/10A5355d Safari/8536.25"
123.221.14.56 - - [01/Jan/2015:11:34:19 ] "GET /saddles1364 HTTP/1.0" 200 2486 "-" "Mozilla/5.0 (Windows; U; MSIE 9.0; WIndows NT 9.0; en-US))"
233.192.62.103 - - [01/Jan/2015:11:35:12 ] "GET /forks1230 HTTP/1.0" 300 3740 "http://searchengine.com" "Mozilla/5.0 (Windows; U; Windows NT 6.1; rv:2.2) Gecko/20110201"
244.157.45.12 - - [01/Jan/2015:11:36:43 ] "GET /saddles1311 HTTP/1.0" 200 2603 "http://www.casualcyclist.com" "Mozilla/5.0 (Windows NT 5.1; rv:31.0) Gecko/20100101 Firefox/31.0"
218.193.16.244 - - [01/Jan/2015:11:38:21 ] "GET /stems1003 HTTP/1.0" 300 3109 "http://searchengine.com" "Mozilla/5.0 (Macintosh; Intel Mac OS X 10_9_2) AppleWebKit/537.36 (KHTML, like Gecko) Chrome/36.0.1944.0 Safari/537.36"
81.73.150.239 - - [01/Jan/2015:11:39:41 ] "GET /Store/cart.jsp?productID=1435 HTTP/1.0" 200 2401 "http://bestcyclingreviews.com/top_online_shops" "Mozilla/5.0 (Windows; U; Windows NT 6.1; rv:2.2) Gecko/20110201"
233.192.62.103 - - [01/Jan/2015:11:41:20 ] "GET /forks1061 HTTP/1.0" 200 4372 "http://bestcyclingreviews.com/top_online_shops" "Mozilla/5.0 (Windows; U; MSIE 9.0; WIndows NT 9.0; en-US))"
218.193.16.244 - - [01/Jan/2015:11:42:47 ] "GET /handle-bars1252 HTTP/1.0" 300 4222 "http://searchengine.com" "Mozilla/5.0 (Linux; U; Android 2.3.5; en-us; HTC Vision Build/GRI40) AppleWebKit/533.1 (KHTML, like Gecko) Version/4.0 Mobile Safari/533.1"
218.193.16.244 - - [01/Jan/2015:11:44:07 ] "GET /seatposts1141 HTTP/1.0" 500 3739 "http://www.casualcyclist.com" "Mozilla/5.0 (Macintosh; Intel Mac OS X 10_9_2) AppleWebKit/537.36 (KHTML, like Gecko) Chrome/36.0.1944.0 Safari/537.36"
123.221.14.56 - - [01/Jan/2015:11:45:14 ] "GET /seatposts1332 HTTP/1.0" 200 3838 "http://www.casualcyclist.com" "Mozilla/4.0 (compatible; MSIE 7.0; Windows NT 6.0)"
237.43.24.118 - - [01/Jan/2015:11:45:47 ] "GET /shifters1381 HTTP/1.0" 500 3172 "http://searchengine.com" "Mozilla/5.0 (Macintosh; Intel Mac OS X 10_9_2) AppleWebKit/537.36 (KHTML, like Gecko) Chrome/36.0.1944.0 Safari/537.36"
114.214.178.92 - - [01/Jan/2015:11:46:38 ] "GET /seatposts1072 HTTP/1.0" 403 4492 "http://searchengine.com" "Mozilla/4.0 (compatible; MSIE 7.0; Windows NT 6.0)"
123.221.14.56 - - [01/Jan/2015:11:47:08 ] "GET /saddles1055 HTTP/1.0" 300 2050 "http://bestcyclingreviews.com/top_online_shops" "Mozilla/5.0 (Windows NT 5.1; rv:31.0) Gecko/20100101 Firefox/31.0"
233.192.62.103 - - [01/Jan/2015:11:47:39 ] "GET /saddles1241 HTTP/1.0" 403 4805 "http://www.casualcyclist.com" "Mozilla/5.0 (Windows; U; MSIE 9.0; WIndows NT 9.0; en-US))"
16.180.70.237 - - [01/Jan/2015:11:48:35 ] "GET /shifters1336 HTTP/1.0" 500 3795 "http://searchengine.com" "Mozilla/5.0 (iPad; CPU OS 6_0 like Mac OS X) AppleWebKit/536.26 (KHTML, like Gecko) Version/6.0 Mobile/10A5355d Safari/8536.25"
81.73.150.239 - - [01/Jan/2015:11:49:29 ] "GET /handle-bars1257 HTTP/1.0" 200 3874 "-" "Mozilla/5.0 (iPad; CPU OS 6_0 like Mac OS X) AppleWebKit/536.26 (KHTML, like Gecko) Version/6.0 Mobile/10A5355d Safari/8536.25"
114.214.178.92 - - [01/Jan/2015:11:50:26 ] "GET /forks1433 HTTP/1.0" 200 4630 "http://www.casualcyclist.com" "Mozilla/5.0 (Macintosh; Intel Mac OS X 10_9_2) AppleWebKit/537.36 (KHTML, like Gecko) Chrome/36.0.1944.0 Safari/537.36"
81.73.150.239 - - [01/Jan/2015:11:50:59 ] "GET /wheelsets1114 HTTP/1.0" 403 4935 "http://searchengine.com" "Mozilla/4.0 (compatible; MSIE 7.0; Windows NT 6.0)"
114.214.178.92 - - [01/Jan/2015:11:52:32 ] "GET /wheelsets1232 HTTP/1.0" 200 4472 "http://bleater.com" "Mozilla/5.0 (Windows; U; MSIE 9.0; WIndows NT 9.0; en-US))"
218.193.16.244 - - [01/Jan/2015:11:53:05 ] "GET /shifters1269 HTTP/1.0" 403 3933 "http://searchengine.com" "Mozilla/5.0 (Windows NT 5.1; rv:31.0) Gecko/20100101 Firefox/31.0"
10.182.189.79 - - [01/Jan/2015:11:53:44 ] "GET /wheelsets1008 HTTP/1.0" 200 3854 "http://bleater.com" "Mozilla/5.0 (Windows; U; Windows NT 6.1; rv:2.2) Gecko/20110201"
16.180.70.237 - - [01/Jan/2015:11:55:08 ] "GET /forks1291 HTTP/1.0" 300 2067 "http://bestcyclingreviews.com/top_online_shops" "Mozilla/5.0 (Windows NT 5.1; rv:31.0) Gecko/20100101 Firefox/31.0"
233.192.62.103 - - [01/Jan/2015:11:55:43 ] "GET /Store/cart.jsp?productID=1093 HTTP/1.0" 200 3350 "http://searchengine.com" "Mozilla/5.0 (Linux; U; Android 2.3.5; en-us; HTC Vision Build/GRI40) AppleWebKit/533.1 (KHTML, like Gecko) Version/4.0 Mobile Safari/533.1"
10.182.189.79 - - [01/Jan/2015:11:56:55 ] "GET /seatposts1177 HTTP/1.0" 403 4202 "http://searchengine.com" "Mozilla/5.0 (iPad; CPU OS 6_0 like Mac OS X) AppleWebKit/536.26 (KHTML, like Gecko) Version/6.0 Mobile/10A5355d Safari/8536.25"
198.122.118.164 - - [01/Jan/2015:11:57:56 ] "GET /seatposts1156 HTTP/1.0" 500 4925 "http://bestcyclingreviews.com/top_online_shops" "Mozilla/5.0 (Windows NT 5.1; rv:31.0) Gecko/20100101 Firefox/31.0"
237.43.24.118 - - [01/Jan/2015:11:59:08 ] "GET /Store/cart.jsp?productID=1025 HTTP/1.0" 403 3962 "-" "Mozilla/5.0 (Linux; U; Android 2.3.5; en-us; HTC Vision Build/GRI40) AppleWebKit/533.1 (KHTML, like Gecko) Version/4.0 Mobile Safari/533.1"
114.214.178.92 - - [01/Jan/2015:11:59:48 ] "GET /stems1161 HTTP/1.0" 500 3000 "-" "Mozilla/4.0 (compatible; MSIE 7.0; Windows NT 6.0)"
